[preview.colorlib.com/theme/jackson/index.html]
[backblue.gif]
[fade.gif]
[index.html]
[preview.colorlib.com/theme/jackson/favicon.ico]
[preview.colorlib.com/theme/jackson/css/animate.css]
[preview.colorlib.com/theme/jackson/css/icomoon.css]
[preview.colorlib.com/theme/jackson/css/bootstrap.css]
[preview.colorlib.com/theme/jackson/css/flexslider.css]
[preview.colorlib.com/theme/jackson/fonts/flaticon/font/flaticon.css]
[preview.colorlib.com/theme/jackson/css/owl.carousel.min.css]
[preview.colorlib.com/theme/jackson/css/owl.theme.default.min.css]
[preview.colorlib.com/theme/jackson/css/style.css]
[preview.colorlib.com/theme/jackson/js/modernizr-2.6.2.min.js]
[preview.colorlib.com/theme/jackson/images/about.jpg]
[preview.colorlib.com/theme/jackson/index-2.html]
[preview.colorlib.com/theme/jackson/images/img_bg_1.jpg]
[preview.colorlib.com/theme/jackson/images/img_bg_2.jpg]
[preview.colorlib.com/theme/jackson/images/cover_bg_1.jpg]
[preview.colorlib.com/theme/jackson/images/img-1.jpg]
[preview.colorlib.com/theme/jackson/work.html]
[preview.colorlib.com/theme/jackson/images/img-2.jpg]
[preview.colorlib.com/theme/jackson/images/img-3.jpg]
[preview.colorlib.com/theme/jackson/images/img-4.jpg]
[preview.colorlib.com/theme/jackson/images/img-5.jpg]
[preview.colorlib.com/theme/jackson/images/img-6.jpg]
[preview.colorlib.com/theme/jackson/blog.html]
[preview.colorlib.com/theme/jackson/images/blog-1.jpg]
[preview.colorlib.com/theme/jackson/images/blog-2.jpg]
[preview.colorlib.com/theme/jackson/images/blog-3.jpg]
[preview.colorlib.com/cdn-cgi/scripts/5c5dd728/cloudflare-static/email-decode.min.js]
[preview.colorlib.com/theme/jackson/js/jquery.min.js]
[preview.colorlib.com/theme/jackson/js/jquery.easing.1.3.js]
[preview.colorlib.com/theme/jackson/js/bootstrap.min.js]
[preview.colorlib.com/theme/jackson/js/jquery.waypoints.min.js]
[preview.colorlib.com/theme/jackson/js/jquery.flexslider-min.js]
[preview.colorlib.com/theme/jackson/js/owl.carousel.min.js]
[preview.colorlib.com/theme/jackson/js/jquery.countTo.js]
[preview.colorlib.com/theme/jackson/js/main.js]
[preview.colorlib.com/theme/jackson/index.html]
[preview.colorlib.com/theme/jackson/favicon.html]
[preview.colorlib.com/theme/jackson/css/animate.css]
[static.cloudflareinsights.com/beacon.min.js]
[preview.colorlib.com/theme/jackson/css/fonts/icomoonb44e.eot]
[preview.colorlib.com/theme/jackson/css/fonts/icomoonb44e.ttf]
[preview.colorlib.com/theme/jackson/css/fonts/icomoonb44e.woff]
[preview.colorlib.com/theme/jackson/css/fonts/icomoonb44e.svg]
[preview.colorlib.com/theme/jackson/css/icomoon.css]
[preview.colorlib.com/theme/jackson/css/bootstrap.css]
[preview.colorlib.com/theme/jackson/css/flexslider.css]
[preview.colorlib.com/theme/jackson/fonts/flaticon/font/flaticon.html]
[preview.colorlib.com/theme/jackson/css/owl.video.play.png]
[preview.colorlib.com/theme/jackson/css/owl.carousel.min.css]
[preview.colorlib.com/theme/jackson/css/owl.theme.default.min.css]
[preview.colorlib.com/theme/jackson/fonts/icomoon/icomoona57c.eot]
[preview.colorlib.com/theme/jackson/fonts/icomoon/icomoona57c.ttf]
[preview.colorlib.com/theme/jackson/fonts/icomoon/icomoona57c.woff]
[preview.colorlib.com/theme/jackson/fonts/icomoon/icomoona57c.svg]
[preview.colorlib.com/theme/jackson/images/loader.gif]
[preview.colorlib.com/theme/jackson/css/style.css]
[preview.colorlib.com/theme/jackson/index-2.html]
[preview.colorlib.com/theme/jackson/work.html]
[preview.colorlib.com/theme/jackson/blog.html]
[preview.colorlib.com/theme/jackson/css/fonts/icomoonb44e.html]
[preview.colorlib.com/theme/jackson/css/fonts/icomoonb44e-2.html]
[preview.colorlib.com/theme/jackson/css/fonts/icomoonb44e-3.html]
[preview.colorlib.com/theme/jackson/css/fonts/icomoonb44e-4.html]
[preview.colorlib.com/theme/jackson/css/owl.video.play.html]
[preview.colorlib.com/theme/jackson/fonts/icomoon/icomoona57c.svg]
[preview.colorlib.com/theme/jackson/images/loader.html]
